INFO:     Started server process [992]
INFO:     Waiting for application startup.
2026-09-24 13:16:14.064 | INFO     | app.services.background_tasks:start_background_tasks:34 - Adding job tentatively -- it will be properly scheduled when the scheduler starts
2026-09-24 13:16:14.065 | INFO     | apscheduler.schedulers.base:start:210 - Added job "publish_due_notifications" to job store "default"
2026-09-24 13:16:14.065 | INFO     | apscheduler.schedulers.background:start:33 - Scheduler started
2026-09-24 13:16:14.066 | INFO     | app.main:start_notification_background_tasks:591 - notification background scheduler started
INFO:     Application startup complete.
INFO:     Uvicorn running on http://127.0.0.1:5000 (Press CTRL+C to quit)
2026-09-24 13:16:15.079 | INFO     | concurrent.futures.thread:run:73 - Running job "publish_due_notifications (trigger: interval[0:00:01], next run at: 2026-09-24 09:46:15 UTC)" (scheduled at 2026-09-24 09:46:15.064146+00:00)
2026-09-24 13:16:15.176 | INFO     | apscheduler.executors.base:run_job:131 - scheduled notification sweep completed
2026-09-24 13:16:15.176 | INFO     | concurrent.futures.thread:run:73 - Job "publish_due_notifications (trigger: interval[0:00:01], next run at: 2026-09-24 09:46:16 UTC)" executed successfully
2026-09-24 13:16:16.067 | INFO     | concurrent.futures.thread:run:73 - Running job "publish_due_notifications (trigger: interval[0:00:01], next run at: 2026-09-24 09:46:17 UTC)" (scheduled at 2026-09-24 09:46:16.064146+00:00)
2026-09-24 13:16:16.071 | INFO     | apscheduler.executors.base:run_job:131 - scheduled notification sweep completed
2026-09-24 13:16:16.071 | INFO     | concurrent.futures.thread:run:73 - Job "publish_due_notifications (trigger: interval[0:00:01], next run at: 2026-09-24 09:46:17 UTC)" executed successfully
2026-09-24 13:16:17.068 | INFO     | concurrent.futures.thread:run:73 - Running job "publish_due_notifications (trigger: interval[0:00:01], next run at: 2026-09-24 09:46:18 UTC)" (scheduled at 2026-09-24 09:46:17.064146+00:00)
2026-09-24 13:16:17.071 | INFO     | apscheduler.executors.base:run_job:131 - scheduled notification sweep completed
2026-09-24 13:16:17.071 | INFO     | concurrent.futures.thread:run:73 - Job "publish_due_notifications (trigger: interval[0:00:01], next run at: 2026-09-24 09:46:18 UTC)" executed successfully
2026-09-24 13:16:18.066 | INFO     | concurrent.futures.thread:run:73 - Running job "publish_due_notifications (trigger: interval[0:00:01], next run at: 2026-09-24 09:46:19 UTC)" (scheduled at 2026-09-24 09:46:18.064146+00:00)
2026-09-24 13:16:18.067 | INFO     | apscheduler.executors.base:run_job:131 - scheduled notification sweep completed
2026-09-24 13:16:18.068 | INFO     | concurrent.futures.thread:run:73 - Job "publish_due_notifications (trigger: interval[0:00:01], next run at: 2026-09-24 09:46:19 UTC)" executed successfully
2026-09-24 13:16:19.071 | INFO     | concurrent.futures.thread:run:73 - Running job "publish_due_notifications (trigger: interval[0:00:01], next run at: 2026-09-24 09:46:20 UTC)" (scheduled at 2026-09-24 09:46:19.064146+00:00)
2026-09-24 13:16:19.073 | INFO     | apscheduler.executors.base:run_job:131 - scheduled notification sweep completed
2026-09-24 13:16:19.073 | INFO     | concurrent.futures.thread:run:73 - Job "publish_due_notifications (trigger: interval[0:00:01], next run at: 2026-09-24 09:46:20 UTC)" executed successfully
2026-09-24 13:16:20.075 | INFO     | concurrent.futures.thread:run:73 - Running job "publish_due_notifications (trigger: interval[0:00:01], next run at: 2026-09-24 09:46:21 UTC)" (scheduled at 2026-09-24 09:46:20.064146+00:00)
2026-09-24 13:16:20.076 | INFO     | apscheduler.executors.base:run_job:131 - scheduled notification sweep completed
2026-09-24 13:16:20.076 | INFO     | concurrent.futures.thread:run:73 - Job "publish_due_notifications (trigger: interval[0:00:01], next run at: 2026-09-24 09:46:21 UTC)" executed successfully
2026-09-24 13:16:21.075 | INFO     | concurrent.futures.thread:run:73 - Running job "publish_due_notifications (trigger: interval[0:00:01], next run at: 2026-09-24 09:46:22 UTC)" (scheduled at 2026-09-24 09:46:21.064146+00:00)
2026-09-24 13:16:21.077 | INFO     | apscheduler.executors.base:run_job:131 - scheduled notification sweep completed
2026-09-24 13:16:21.077 | INFO     | concurrent.futures.thread:run:73 - Job "publish_due_notifications (trigger: interval[0:00:01], next run at: 2026-09-24 09:46:22 UTC)" executed successfully
2026-09-24 13:16:22.078 | INFO     | concurrent.futures.thread:run:73 - Running job "publish_due_notifications (trigger: interval[0:00:01], next run at: 2026-09-24 09:46:23 UTC)" (scheduled at 2026-09-24 09:46:22.064146+00:00)
2026-09-24 13:16:22.080 | INFO     | apscheduler.executors.base:run_job:131 - scheduled notification sweep completed
2026-09-24 13:16:22.081 | INFO     | concurrent.futures.thread:run:73 - Job "publish_due_notifications (trigger: interval[0:00:01], next run at: 2026-09-24 09:46:23 UTC)" executed successfully
2026-09-24 13:16:23.079 | INFO     | concurrent.futures.thread:run:73 - Running job "publish_due_notifications (trigger: interval[0:00:01], next run at: 2026-09-24 09:46:24 UTC)" (scheduled at 2026-09-24 09:46:23.064146+00:00)
2026-09-24 13:16:23.081 | INFO     | apscheduler.executors.base:run_job:131 - scheduled notification sweep completed
2026-09-24 13:16:23.081 | INFO     | concurrent.futures.thread:run:73 - Job "publish_due_notifications (trigger: interval[0:00:01], next run at: 2026-09-24 09:46:24 UTC)" executed successfully
